#-----------------------------------------------------------
# PlanAhead v14.7 (64-bit)
# Build 321239 by xbuild on Fri Sep 27 19:29:51 MDT 2013
# Start of session at: Mon Apr 27 16:33:32 2015
# Process ID: 8100
# Log file: C:/Users/Kishine/Documents/kenkyu/workspace/DAcon/planAhead_run_2/planAhead.log
# Journal file: C:/Users/Kishine/Documents/kenkyu/workspace/DAcon/planAhead_run_2/planAhead.jou
#-----------------------------------------------------------
start_gui
source C:/Users/Kishine/Documents/kenkyu/workspace/DAcon/pa.fromHdl.tcl
update_compile_order -fileset sim_1
set_property package_pin "" [get_ports [list  CLK]]
set_property package_pin "" [get_ports [list  CSLD]]
startgroup
set_property package_pin A10 [get_ports SCK]
endgroup
startgroup
set_property package_pin A7 [get_ports Dout]
endgroup
startgroup
set_property package_pin C7 [get_ports CSLD]
endgroup
startgroup
set_property package_pin E11 [get_ports CLK]
endgroup
startgroup
set_property package_pin A7 [get_ports Dout]
endgroup
save_constraints
